id,begin_date,end_date,int_col_2,float_col,text_col,datetime_col,delete_flag,text_col_2,real_col,date_col,time_col,interval_col,large_binary_col,num_col,numeric13_col
10,default_begin_dt,default_end_dt,-1,1.1,Bob,2020-02-01 22:12:00,N,A,0.204926709,1980-02-03,08:28:20,26,"Lorem ipsum dolor sit amet, consectetur adipiscing elit. ",123456789012345678901234567890.123456,1234567890123
20,default_begin_dt,default_end_dt,-2,2.2,Jane,2021-03-01 09:58:00,N,B,0.25216257,1980-02-03,11:48:39,326,"Phasellus pretium varius turpis eu condimentum. Morbi metus ex, efficitur a orci sit amet, hendrerit finibus lorem. Sed auctor finibus dui vel tempor.",1.234567,1234567
30,default_begin_dt,default_end_dt,-3,3.3,Maria,2019-04-01 11:48:00,N,C,0.626423521,1980-02-03,01:17:53,3626,"Quisque a posuere mauris. Nulla massa est, maximus id rhoncus sit amet, varius in erat. Donec pulvinar metus eu nunc aliquet eleifend.",23.45,2345
40,default_begin_dt,default_end_dt,-4,4.4,Nushi,2018-05-01 00:38:00,N,A,0.756154809,1980-02-03,07:14:49,0,"Nulla et velit at mi luctus dignissim et eget elit. Aliquam vitae rhoncus ligula. Suspendisse facilisis congue sapien, nec ullamcorper ante convallis tincidunt.",35.678,35678
50,default_begin_dt,default_end_dt,-5,5.5,Mohammed,2017-05-01 13:28:00,N,B,0.212769089,1980-02-03,16:11:15,1,"Orci varius natoque penatibus et magnis dis parturient montes, nascetur ridiculus mus. Curabitur sed erat quam.",456.7890,4567890
